[INFO] Scanning for projects...
[INFO] ------------------------------------------------------------------------
[INFO] Reactor Build Order:
[INFO] 
[INFO] douyin-operations-contract                                         [jar]
[INFO] douyin-operations-common                                           [jar]
[INFO] douyin-operations-platform                                         [jar]
[INFO] douyin-operations-integration                                      [jar]
[INFO] douyin-operations-asset                                            [jar]
[INFO] douyin-operations-content                                          [jar]
[INFO] douyin-operations-intelligence                                     [jar]
[INFO] 
[INFO] ----------------< cn.gaifan:douyin-operations-contract >----------------
[INFO] Building douyin-operations-contract 0.0.1-SNAPSHOT                 [1/7]
[INFO]   from pom.xml
[INFO] --------------------------------[ jar ]---------------------------------
[INFO] 
[INFO] --- resources:3.3.1:resources (default-resources) @ douyin-operations-contract ---
[INFO] skip non existing resourceDirectory C:\claude\dy05\douyin-operations-contract\src\main\resources
[INFO] 
[INFO] --- compiler:3.13.0:compile (default-compile) @ douyin-operations-contract ---
[INFO] Nothing to compile - all classes are up to date.
[INFO] 
[INFO] -----------------< cn.gaifan:douyin-operations-common >-----------------
[INFO] Building douyin-operations-common 0.0.1-SNAPSHOT                   [2/7]
[INFO]   from C:\claude\dy05\douyin-operations-common\pom.xml
[INFO] --------------------------------[ jar ]---------------------------------
[INFO] 
[INFO] --- resources:3.3.1:resources (default-resources) @ douyin-operations-common ---
[INFO] skip non existing resourceDirectory C:\claude\dy05\douyin-operations-common\src\main\resources
[INFO] skip non existing resourceDirectory C:\claude\dy05\douyin-operations-common\src\main\resources
[INFO] 
[INFO] --- compiler:3.13.0:compile (default-compile) @ douyin-operations-common ---
[INFO] Nothing to compile - all classes are up to date.
[INFO] 
[INFO] ----------------< cn.gaifan:douyin-operations-platform >----------------
[INFO] Building douyin-operations-platform 0.0.1-SNAPSHOT                 [3/7]
[INFO]   from C:\claude\dy05\douyin-operations-platform\pom.xml
[INFO] --------------------------------[ jar ]---------------------------------
[INFO] 
[INFO] --- resources:3.3.1:resources (default-resources) @ douyin-operations-platform ---
[INFO] skip non existing resourceDirectory C:\claude\dy05\douyin-operations-platform\src\main\resources
[INFO] skip non existing resourceDirectory C:\claude\dy05\douyin-operations-platform\src\main\resources
[INFO] 
[INFO] --- compiler:3.13.0:compile (default-compile) @ douyin-operations-platform ---
[INFO] Nothing to compile - all classes are up to date.
[INFO] 
[INFO] --------------< cn.gaifan:douyin-operations-integration >---------------
[INFO] Building douyin-operations-integration 0.0.1-SNAPSHOT              [4/7]
[INFO]   from C:\claude\dy05\douyin-operations-integration\pom.xml
[INFO] --------------------------------[ jar ]---------------------------------
[INFO] 
[INFO] --- resources:3.3.1:resources (default-resources) @ douyin-operations-integration ---
[INFO] skip non existing resourceDirectory C:\claude\dy05\douyin-operations-integration\src\main\resources
[INFO] skip non existing resourceDirectory C:\claude\dy05\douyin-operations-integration\src\main\resources
[INFO] 
[INFO] --- compiler:3.13.0:compile (default-compile) @ douyin-operations-integration ---
[INFO] Nothing to compile - all classes are up to date.
[INFO] 
[INFO] -----------------< cn.gaifan:douyin-operations-asset >------------------
[INFO] Building douyin-operations-asset 0.0.1-SNAPSHOT                    [5/7]
[INFO]   from C:\claude\dy05\douyin-operations-asset\pom.xml
[INFO] --------------------------------[ jar ]---------------------------------
[INFO] 
[INFO] --- resources:3.3.1:resources (default-resources) @ douyin-operations-asset ---
[INFO] skip non existing resourceDirectory C:\claude\dy05\douyin-operations-asset\src\main\resources
[INFO] skip non existing resourceDirectory C:\claude\dy05\douyin-operations-asset\src\main\resources
[INFO] 
[INFO] --- compiler:3.13.0:compile (default-compile) @ douyin-operations-asset ---
[INFO] Nothing to compile - all classes are up to date.
[INFO] 
[INFO] ----------------< cn.gaifan:douyin-operations-content >-----------------
[INFO] Building douyin-operations-content 0.0.1-SNAPSHOT                  [6/7]
[INFO]   from C:\claude\dy05\douyin-operations-content\pom.xml
[INFO] --------------------------------[ jar ]---------------------------------
[INFO] 
[INFO] --- resources:3.3.1:resources (default-resources) @ douyin-operations-content ---
[INFO] skip non existing resourceDirectory C:\claude\dy05\douyin-operations-content\src\main\resources
[INFO] skip non existing resourceDirectory C:\claude\dy05\douyin-operations-content\src\main\resources
[INFO] 
[INFO] --- compiler:3.13.0:compile (default-compile) @ douyin-operations-content ---
[INFO] Nothing to compile - all classes are up to date.
[INFO] 
[INFO] --------------< cn.gaifan:douyin-operations-intelligence >--------------
[INFO] Building douyin-operations-intelligence 0.0.1-SNAPSHOT             [7/7]
[INFO]   from C:\claude\dy05\douyin-operations-intelligence\pom.xml
[INFO] --------------------------------[ jar ]---------------------------------
[INFO] 
[INFO] --- resources:3.3.1:resources (default-resources) @ douyin-operations-intelligence ---
[INFO] skip non existing resourceDirectory C:\claude\dy05\douyin-operations-intelligence\src\main\resources
[INFO] skip non existing resourceDirectory C:\claude\dy05\douyin-operations-intelligence\src\main\resources
[INFO] 
[INFO] --- compiler:3.13.0:compile (default-compile) @ douyin-operations-intelligence ---
[INFO] Recompiling the module because of changed source code.
[INFO] Compiling 469 source files with javac [debug parameters release 17] to target\classes
[INFO] /C:/claude/dy05/douyin-operations-intelligence/src/main/java/cn/gaifan/douyinOperations/module/ai/service/impl/AiAdminInfraServiceImpl.java: 某些输入文件使用或覆盖了已过时的 API。
[INFO] /C:/claude/dy05/douyin-operations-intelligence/src/main/java/cn/gaifan/douyinOperations/module/ai/service/impl/AiAdminInfraServiceImpl.java: 有关详细信息, 请使用 -Xlint:deprecation 重新编译。
[INFO] /C:/claude/dy05/douyin-operations-intelligence/src/main/java/cn/gaifan/douyinOperations/module/agent/service/SkillExecutor.java: 某些输入文件使用了未经检查或不安全的操作。
[INFO] /C:/claude/dy05/douyin-operations-intelligence/src/main/java/cn/gaifan/douyinOperations/module/agent/service/SkillExecutor.java: 有关详细信息, 请使用 -Xlint:unchecked 重新编译。
[INFO] -------------------------------------------------------------
[ERROR] COMPILATION ERROR : 
[INFO] -------------------------------------------------------------
[ERROR] /C:/claude/dy05/douyin-operations-intelligence/src/main/java/cn/gaifan/douyinOperations/module/agent/service/impl/AgentServiceImpl.java:[191,36] 程序包AgentFunctionCallingService不存在
[INFO] 1 error
[INFO] -------------------------------------------------------------
[INFO] ------------------------------------------------------------------------
[INFO] Reactor Summary for douyin-operations-contract 0.0.1-SNAPSHOT:
[INFO] 
[INFO] douyin-operations-contract ......................... SUCCESS [  0.544 s]
[INFO] douyin-operations-common ........................... SUCCESS [  0.573 s]
[INFO] douyin-operations-platform ......................... SUCCESS [  0.185 s]
[INFO] douyin-operations-integration ...................... SUCCESS [  0.128 s]
[INFO] douyin-operations-asset ............................ SUCCESS [  0.487 s]
[INFO] douyin-operations-content .......................... SUCCESS [  0.180 s]
[INFO] douyin-operations-intelligence ..................... FAILURE [ 13.206 s]
[INFO] ------------------------------------------------------------------------
[INFO] BUILD FAILURE
[INFO] ------------------------------------------------------------------------
[INFO] Total time:  15.813 s
[INFO] Finished at: 2026-04-22T14:06:54+08:00
[INFO] ------------------------------------------------------------------------
[ERROR] Failed to execute goal org.apache.maven.plugins:maven-compiler-plugin:3.13.0:compile (default-compile) on project douyin-operations-intelligence: Compilation failure
[ERROR] /C:/claude/dy05/douyin-operations-intelligence/src/main/java/cn/gaifan/douyinOperations/module/agent/service/impl/AgentServiceImpl.java:[191,36] 程序包AgentFunctionCallingService不存在
[ERROR] 
[ERROR] -> [Help 1]
[ERROR] 
[ERROR] To see the full stack trace of the errors, re-run Maven with the -e switch.
[ERROR] Re-run Maven using the -X switch to enable full debug logging.
[ERROR] 
[ERROR] For more information about the errors and possible solutions, please read the following articles:
[ERROR] [Help 1] http://cwiki.apache.org/confluence/display/MAVEN/MojoFailureException
[ERROR] 
[ERROR] After correcting the problems, you can resume the build with the command
[ERROR]   mvn <args> -rf :douyin-operations-intelligence
